// Jest Snapshot v1, https://goo.gl/fbAQLP

exports[`<Hero /> it renders correctly 1`] = `
<header
  className="landing-header"
>
  <HeroNav />
  <div
    className="logo-container"
  >
    <h1>
      <span
        className="visually-hidden"
      >
        Lumen Spot
      </span>
      <SVGLogo />
    </h1>
  </div>
</header>
`;
