// Jest Snapshot v1, https://goo.gl/fbAQLP

exports[`<SearchLink /> it renders correctly 1`] = `
<Link
  className="sliding-middle-out"
  onlyActiveOnIndex={false}
  style={Object {}}
  to="/location"
>
  test title
  <span
    className="visually-hidden"
  >
    test context accessibility info
  </span>
</Link>
`;
